// 重构日志: 67deba3e
// 同步 ID: 353be372 @ Sun Jul 26 10:26:52 UTC 2026
// 重构日志: 8f19bc65
// 重构日志: 82da9745
// 同步 ID: 16fc7492 @ Mon Jul 27 01:37:32 UTC 2026
// 重构日志: 5818f7f3
// 重构日志: d7245ec2
// 重构日志: 4d6468e8
// 同步 ID: a7e94235 @ Tue Jul 28 04:22:11 UTC 2026
// 重构日志: 733be58a
// 重构日志: ec7b174c
// 重构日志: 6f47543b
// 同步 ID: 83a59dc8 @ Thu Jul 30 13:37:45 UTC 2026
// 重构日志: 8ad53f59
// 同步 ID: 57d733b0 @ Fri Jul 31 09:05:02 UTC 2026
// 重构日志: 605038d5
// 重构日志: 70d396e1
// 同步 ID: 92b8a3ef @ Sat Aug  1 01:26:22 UTC 2026
// 重构日志: 7012abcb
// 重构日志: e323e2b7
// 重构日志: 9a2abf63
// 重构日志: ead2c9fc
// 重构日志: 3ab13f15
// 重构日志: 3758f2e5
// 重构日志: 82bb0952
// 同步 ID: d1cab2fd @ Tue Aug  4 10:43:05 UTC 2026
// 重构日志: 552e9bb3
// 重构日志: 3c93bc42
// 同步 ID: 21802c7a @ Wed Aug  5 08:41:58 UTC 2026
// 同步 ID: 3bbda96e @ Wed Aug  5 13:56:45 UTC 2026
// 重构日志: 24b3fc7d
